" Generated by vim-plug
" Fri 15 Sep 2017 05:24:31 AM CST
" :source this file in vim to restore the snapshot
" or execute: vim -S snapshot.vim

silent! let g:plugs['Align'].commit = '787662f'
silent! let g:plugs['Mark--Karkat'].commit = '982daeb'
silent! let g:plugs['OmniCppComplete'].commit = '2fac015'
silent! let g:plugs['SrcExpl'].commit = 'ba827cb'
silent! let g:plugs['TxtBrowser'].commit = 'e719e35'
silent! let g:plugs['YouCompleteMe'].commit = '9ca755a'
silent! let g:plugs['ZoomWin'].commit = 'cf21ce1'
silent! let g:plugs['auto-pairs'].commit = 'f0019fc'
silent! let g:plugs['bufexplorer.zip'].commit = '08b0100'
silent! let g:plugs['cSyntaxAfter'].commit = '06ed05a'
silent! let g:plugs['ccvext.vim'].commit = 'fee1163'
silent! let g:plugs['csv.vim'].commit = '443fa8b'
silent! let g:plugs['ctrlp.vim'].commit = 'bde7a29'
silent! let g:plugs['emmet-vim'].commit = 'ed79a92'
silent! let g:plugs['fencview'].commit = '3269798'
silent! let g:plugs['gvimfullscreen_win32'].commit = '6abfbd1'
silent! let g:plugs['indentLine'].commit = 'a97b6d1'
silent! let g:plugs['js-beautify'].commit = 'ea252d1'
silent! let g:plugs['lucius'].commit = '6cbb8b0'
silent! let g:plugs['markdown-preview.vim'].commit = 'dde90f5'
silent! let g:plugs['mathjax-support-for-mkdp'].commit = '9565bac'
silent! let g:plugs['neocomplcache.vim'].commit = '7781817'
silent! let g:plugs['nerdcommenter'].commit = '2859027'
silent! let g:plugs['nerdtree'].commit = '5782b22'
silent! let g:plugs['nerdtree-git-plugin'].commit = '6a9b312'
silent! let g:plugs['nginx'].commit = '99cc4c72'
silent! let g:plugs['promptline.vim'].commit = 'bcce033'
silent! let g:plugs['repeat.vim'].commit = '80d2320'
silent! let g:plugs['std_c.zip'].commit = 'f70ac23'
silent! let g:plugs['syntastic'].commit = '8577c8e'
silent! let g:plugs['tabular'].commit = '00e1e7f'
silent! let g:plugs['tagbar'].commit = '3e41725'
silent! let g:plugs['taglist.vim'].commit = '53041fb'
silent! let g:plugs['tmuxline.vim'].commit = '0ba2230'
silent! let g:plugs['tomorrow-theme'].commit = '0e0d35a'
silent! let g:plugs['undotree'].commit = 'cb3e739'
silent! let g:plugs['unite.vim'].commit = 'ad15f96'
silent! let g:plugs['vim-actionscript'].commit = '2941086'
silent! let g:plugs['vim-airline'].commit = '8a3e3e2'
silent! let g:plugs['vim-airline-themes'].commit = 'af3292d'
silent! let g:plugs['vim-ansible-yaml'].commit = '33643fc'
silent! let g:plugs['vim-commentary'].commit = 'be79030'
silent! let g:plugs['vim-devicons'].commit = '1532662'
silent! let g:plugs['vim-fugitive'].commit = '8f60d1d'
silent! let g:plugs['vim-gitgutter'].commit = 'dc73a81'
silent! let g:plugs['vim-javacomplete2'].commit = '8d0ed91'
silent! let g:plugs['vim-misc'].commit = '3e6b8fb'
silent! let g:plugs['vim-pandoc'].commit = 'fc209c6'
silent! let g:plugs['vim-pandoc-after'].commit = '4377665'
silent! let g:plugs['vim-pandoc-syntax'].commit = '56e8e41'
silent! let g:plugs['vim-shell'].commit = 'c19945c'
silent! let g:plugs['vim-signify'].commit = '1a8a15d'
silent! let g:plugs['vim-snippets'].commit = 'd993ee0'
silent! let g:plugs['vim-startify'].commit = '7f910ed'
silent! let g:plugs['vim-surround'].commit = 'e49d6c2'
silent! let g:plugs['vim-tmuxify'].commit = '1146dd6'
silent! let g:plugs['vim-vebugger'].commit = '2f52caa'
silent! let g:plugs['vimcdoc'].commit = 'e042ef8'
silent! let g:plugs['vimtweak'].commit = '92e9f18'

PlugUpdate!

